$ python tools/agentic_loop.py
======================================================================
SHARED TEAM AGENTIC AI LOOP: Plan -> Act -> Observe -> Adapt
Authoritative Codebase Documentation & Multi-Agent Architecture Review
======================================================================

Choose a target: 3
Reviewing: student-3
Choose a layer: 3

[student-3/database][PLAN] Loading authoritative codebase documentation and feature context
[student-3/database][PLAN] Loaded context from 'prompts/owners/student-3/context_prompt.txt' and docs: AGENTS.md, docs/development/database-and-migrations.md, student-3/README.md
[student-3/database][ACT] Executing live probes, schema queries, and static inspection
[student-3/database][OBSERVE] Structured 54 words of observation evidence
[student-3/database][ADAPT-PROPOSE] Running implementation model grounded in documentation
[student-3/database][ADAPT-PROPOSE] Proposal generated
[student-3/database][ADAPT-REVIEW] Loading review prompt and evaluating architectural compliance
[student-3/database][ADAPT-REVIEW] Complete
[student-3/database][DONE] Plan -> Act -> Observe -> Adapt cycle complete

RUNNING: student-3/database
OBSERVE: Table 'Courses' (12 row(s), primary key: yes): columns=[Id TEXT PK NOT NULL, Code TEXT NOT NULL, Name TEXT NOT NULL, CanvasCourseId INTEGER, CanvasWorkflowState TEXT, CanvasIsActive INTEGER, LastCanvasSyncAt TEXT]; foreign keys=[none]
Table 'TaskEntities' (47 row(s), primary key: yes): columns=[Id TEXT PK NOT NULL, Title TEXT NOT NULL, Description TEXT, DueDate TEXT, Priority INTEGER NOT NULL, Status INTEGER NOT NULL, CreatedAt TEXT NOT NULL, UpdatedAt TEXT NOT NULL, CanvasAssignmentId INTEGER, CanvasUpdatedAt TEXT, CanvasWorkflowState TEXT, CanvasSubmissionState TEXT, CanvasIsActive INTEGER, DueSoonReminderSentAtUtc TEXT, CourseId TEXT, ParentTaskId TEXT]; foreign keys=[CourseId -> Courses.Id, ParentTaskId -> TaskEntities.Id]

IMPLEMENTATION (ADAPT PROPOSAL): Per `docs/development/database-and-migrations.md`, this database is now exclusively owned by the internal `student-3-database` service (migrations run only against `student-3/database/Database/Database.csproj`); the schema itself is the same `Courses`/`TaskEntities` shape as before, extended by the `AddCanvasSyncMetadata`, `UseUtcDateTimes`, and new `AddDueSoonReminderTracking` migrations. `TaskEntities.DueSoonReminderSentAtUtc` is a sensible, evidence-backed addition to support the "Proactive Deadline Reminders" flow described in `docs/architecture/data-flows.md` (tracking whether a due-soon notification has already been dispatched to `student-1-backend`, avoiding duplicate reminders). FK relationships (`CourseId` nullable, self-referencing `ParentTaskId`) are unchanged from earlier reviews, and row counts (12 courses, 47 tasks) confirm the seed/Canvas-sync data survived the migration to the standalone service intact.

REVIEW (ADAPT CRITIQUE): Confirmed against `docs/development/database-and-migrations.md` - schema evidence matches the documented single-owner model and the new reminder-tracking column is directly traceable to the deadline-reminder data flow, not a speculative addition. No integrity or isolation issues found. No changes requested.

[student-3/database][DONE] Plan -> Act -> Observe -> Adapt cycle complete
Loop closed.
