$ python tools/agentic_loop.py
======================================================================
SHARED TEAM AGENTIC AI LOOP: Plan -> Act -> Observe -> Adapt
Authoritative Codebase Documentation & Multi-Agent Architecture Review
======================================================================

Choose a target: 1
Reviewing: student-1
Choose a layer: 1

[student-1/frontend][PLAN] Loading authoritative codebase documentation and feature context
[student-1/frontend][PLAN] Loaded context from 'prompts/owners/student-1/context_prompt.txt' and docs: AGENTS.md, shared/ui-kit/README.md, docs/playbooks/new-frontend-microservice.md, student-1/frontend/README.md
[student-1/frontend][ACT] Executing live probes, schema queries, and static inspection
[student-1/frontend][OBSERVE] Structured 61 words of observation evidence
[student-1/frontend][ADAPT-PROPOSE] Running implementation model grounded in documentation
[student-1/frontend][ADAPT-PROPOSE] Proposal generated
[student-1/frontend][ADAPT-REVIEW] Loading review prompt and evaluating architectural compliance
[student-1/frontend][ADAPT-REVIEW] Complete
[student-1/frontend][DONE] Plan -> Act -> Observe -> Adapt cycle complete

RUNNING: student-1/frontend
OBSERVE: Discovered 8 component(s): ['src/App.vue', 'src/components/AiDigestAssistant.vue', 'src/components/NotificationDetailsModal.vue', 'src/components/NotificationFilters.vue', 'src/components/NotificationItem.vue', 'src/components/NotificationList.vue', 'src/components/NotificationPreferences.vue', 'src/components/NotificationToast.vue']. Statically discovered vue-router route(s): ['/', '/preferences']. UI Kit tokens/components in use: {'<TopNav>': 1, '<ModalDialog>': 1, '<Badge>': 3, '<Button>': 6, '<NotificationToast>': 1, '--nb-* tokens': 48}. Dev server check: GET http://localhost:5173 returned 200 in 14ms.

IMPLEMENTATION: Universal neobrutalist animations and page transitions have been introduced across Notification cards, Toast notifications, and Digest drawers. Transitions utilize CSS cubic-bezier step curves matching Neobrutalism aesthetics. Micro-interactions on buttons and badge toggles provide tactile feedback while adhering to `--nb-shadow-offset-md` and `--nb-border-width-md`.

REVIEW: Verified. The animation and styling improvements maintain strict compliance with the `@better-canvas/ui-kit` design system specifications in `AGENTS.md`. No external heavy CSS or JavaScript animation libraries were added.

[student-1/frontend][DONE] Plan -> Act -> Observe -> Adapt cycle complete
Loop closed.
